SQL> SELECT * FROM DUAL;

D                                                                               
-                                                                               
X                                                                               

SQL> DESCRIBE DUAL;
 Name                                      Null?    Type
 ----------------------------------------- -------- ----------------------------
 DUMMY                                              VARCHAR2(1)

SQL> SYSDATE;
SP2-0042: unknown command "SYSDATE" - rest of line ignored.
SQL> SYSDATE
SP2-0042: unknown command "SYSDATE" - rest of line ignored.
SQL> SELECT SYSDATE FROM DUAL;

SYSDATE                                                                         
---------                                                                       
08-NOV-17                                                                       

SQL> SELECT CURRENT_DATE FROM DUAL;

CURRENT_D                                                                       
---------                                                                       
08-NOV-17                                                                       

SQL> SELECT TO_CHAR(SYSDATE,'HH:MI:SS') FROM DUAL;

TO_CHAR(                                                                        
--------                                                                        
01:16:02                                                                        

SQL> SELECT TO_CHAR(SYSDATE,'DDD') FROM DUAL;

TO_                                                                             
---                                                                             
312                                                                             

SQL> SELECT TO_CHAR(SYSDATE,'WW') FROM DUAL;

TO                                                                              
--                                                                              
45                                                                              

SQL> SELECT LOWER(P) FROM PROFESORES;
SELECT LOWER(P) FROM PROFESORES
                     *
ERROR at line 1:
ORA-00942: table or view does not exist 


SQL> SELECT LOWER(P) FROM PROFESOR;

LOWER(P)                                                                        
------------------------------------------------------------                    
juan                                                                            
carlos                                                                          
pedro                                                                           
maria                                                                           
ivan                                                                            
carmen                                                                          
mario                                                                           
francisco                                                                       
angela                                                                          
david                                                                           
soledad                                                                         

LOWER(P)                                                                        
------------------------------------------------------------                    
jose manuel                                                                     

12 rows selected.

SQL> SELECT LENGHT(P) FROM PROFESOR;
SELECT LENGHT(P) FROM PROFESOR
       *
ERROR at line 1:
ORA-00904: "LENGHT": invalid identifier 


SQL> SELECT LENGTH(P) FROM PROFESOR;

 LENGTH(P)                                                                      
----------                                                                      
         4                                                                      
         6                                                                      
         5                                                                      
         5                                                                      
         4                                                                      
         6                                                                      
         5                                                                      
         9                                                                      
         6                                                                      
         5                                                                      
         7                                                                      

 LENGTH(P)                                                                      
----------                                                                      
        11                                                                      

12 rows selected.

SQL> SELECT SYSDATE - TO_DATE('01-AUG-1996') FROM DUAL;

SYSDATE-TO_DATE('01-AUG-1996')                                                  
------------------------------                                                  
                    7769.55735                                                  

SQL> SELECT TRUNC(SYSDATE - TO_DATE('01-AUG-1996')) FROM DUAL;

TRUNC(SYSDATE-TO_DATE('01-AUG-1996'))                                           
-------------------------------------                                           
                                 7769                                           

SQL> SELECT A FROM ASIGNATURA CROSS JOIN AREA WHERE (ASIGNATURA.CAR=AREA.CAR) AND (AR LIKE 'A%);
ERROR:
ORA-01756: quoted string not properly terminated 


SQL> SELECT A FROM ASIGNATURA CROSS JOIN AREA WHERE (ASIGNATURA.CAR=AREA.CAR) AND (AR LIKE 'A%');

A                                                                               
--------------------------------------------------                              
ALGEBRA                                                                         
ANALISIS COMPLEJO                                                               
ASTRONOMIA                                                                      

SQL> SELECT A FROM ASIGNATURA CROSS JOIN AREA WHERE (ASIGNATURA.CAR=AREA.CAR) AND (AR LIKE '%A');

A                                                                               
--------------------------------------------------                              
ALGEBRA                                                                         
ASTRONOMIA                                                                      
ENSENANZA DE LA MATEMATICA                                                      
OPTIMIZACION                                                                    
CALCULO                                                                         

SQL> SELECT A FROM ASIGNATURA WHERE (A LIKE '%DATOS$')
  2  ;

no rows selected

SQL> SELECT A FROM ASIGNATURA WHERE (A LIKE '%DATOS%');

A                                                                               
--------------------------------------------------                              
BASES DE DATOS                                                                  
ALMACENES DE DATOS                                                              
MINERIA DE DATOS                                                                

SQL> SELECT DNI FROM PROFESOR WHERE (P LIKE '__R%');

       DNI                                                                      
----------                                                                      
      2222                                                                      
      4444                                                                      
      6666                                                                      
      7777                                                                      

SQL> SELECT DNI FROM PROFESOR WHERE (P LIKE '_____');

       DNI                                                                      
----------                                                                      
      3333                                                                      
      4444                                                                      
      7777                                                                      
      1010                                                                      

SQL> SELECT DNI FROM PROFESOR WHERE (P LIKE '%%%%%');

       DNI                                                                      
----------                                                                      
      1111                                                                      
      2222                                                                      
      3333                                                                      
      4444                                                                      
      5555                                                                      
      6666                                                                      
      7777                                                                      
      8888                                                                      
      9999                                                                      
      1010                                                                      
      2020                                                                      

       DNI                                                                      
----------                                                                      
      3030                                                                      

12 rows selected.

SQL> SELECT DNI FROM PROFESOR WHERE (P NOT LIKE '______%');

       DNI                                                                      
----------                                                                      
      1111                                                                      
      3333                                                                      
      4444                                                                      
      5555                                                                      
      7777                                                                      
      1010                                                                      

6 rows selected.

SQL> SPOOL OFF
SQL> LS
SP2-0042: unknown command "LS" - rest of line ignored.
SQL> SPOOL
currently spooling to PRACT5.lst
SQL> SELECT P
  2  FROM PROFESOR NATURAL JOIN PLAN_DOCENTE
  3  WHERE FF IS NULL;

P                                                                               
------------------------------------------------------------                    
DAVID                                                                           
JUAN                                                                            
SOLEDAD                                                                         
CARLOS                                                                          
JOSE MANUEL                                                                     
PEDRO                                                                           
PEDRO                                                                           
MARIA                                                                           
MARIA                                                                           
IVAN                                                                            
MARIO                                                                           

P                                                                               
------------------------------------------------------------                    
FRANCISCO                                                                       
ANGELA                                                                          

13 rows selected.

SQL> SELECT P
  2  FROM PROFESOR NATURAL JOIN PLAN_DOCENTE
  3  WHERE CAS=8;

P                                                                               
------------------------------------------------------------                    
JUAN                                                                            
JUAN                                                                            
JOSE MANUEL                                                                     

SQL> SELECT P
  2  FROM PROFESOR NATURAL JOIN PLAN_DOCENTE
  3  WHERE CAS=8
  4  GROUP BY P;

P                                                                               
------------------------------------------------------------                    
JUAN                                                                            
JOSE MANUEL                                                                     

SQL> SELECT *
  2  FROM PLAN_DOCENTE
  3  ORDER BY FF;

       DNI        CAS        CTA        CPA        CLA FI        FF             
---------- ---------- ---------- ---------- ---------- --------- ---------      
      2222          3        1.5          0        1.5 01-SEP-06 31-AUG-07      
      1010          2        1.5        1.5          3 01-SEP-05 31-AUG-08      
      1010          9          3          0          3 01-SEP-08 31-AUG-09      
      1111          8          3        1.5        1.5 01-SEP-07 31-AUG-09      
      4444          4        1.5          0        1.5 01-SEP-08 31-AUG-10      
      6666         10          3        1.5        1.5 01-SEP-08 31-AUG-11      
      1010          9        1.5          0        1.5 01-SEP-09                
      9999          7          3          3          0 01-SEP-10                
      5555          6          3          3          0 31-MAR-10                
      8888         11          6          0          0 01-SEP-09                
      2020          3        1.5          0        1.5 01-SEP-08                

       DNI        CAS        CTA        CPA        CLA FI        FF             
---------- ---------- ---------- ---------- ---------- --------- ---------      
      7777         12        4.5          3          0 01-SEP-10                
      3333          9        1.5          0        1.5 01-SEP-09                
      2222          4        1.5          0        1.5 01-SEP-09                
      3030          8          0        1.5        1.5 01-SEP-09                
      1111          8          3          0          0 01-SEP-09                
      4444          5          3          0          0 01-SEP-10                
      4444          1          3        1.5        1.5 01-SEP-11                
      3333          2        1.5        1.5          3 01-SEP-08                

19 rows selected.

SQL> SELECT *
  2  FROM PLAN_DOCENTE
  3  ORDER BY FF DESC;

       DNI        CAS        CTA        CPA        CLA FI        FF             
---------- ---------- ---------- ---------- ---------- --------- ---------      
      4444          1          3        1.5        1.5 01-SEP-11                
      3333          2        1.5        1.5          3 01-SEP-08                
      7777         12        4.5          3          0 01-SEP-10                
      2020          3        1.5          0        1.5 01-SEP-08                
      8888         11          6          0          0 01-SEP-09                
      5555          6          3          3          0 31-MAR-10                
      9999          7          3          3          0 01-SEP-10                
      4444          5          3          0          0 01-SEP-10                
      1111          8          3          0          0 01-SEP-09                
      3030          8          0        1.5        1.5 01-SEP-09                
      2222          4        1.5          0        1.5 01-SEP-09                

       DNI        CAS        CTA        CPA        CLA FI        FF             
---------- ---------- ---------- ---------- ---------- --------- ---------      
      3333          9        1.5          0        1.5 01-SEP-09                
      1010          9        1.5          0        1.5 01-SEP-09                
      6666         10          3        1.5        1.5 01-SEP-08 31-AUG-11      
      4444          4        1.5          0        1.5 01-SEP-08 31-AUG-10      
      1010          9          3          0          3 01-SEP-08 31-AUG-09      
      1111          8          3        1.5        1.5 01-SEP-07 31-AUG-09      
      1010          2        1.5        1.5          3 01-SEP-05 31-AUG-08      
      2222          3        1.5          0        1.5 01-SEP-06 31-AUG-07      

19 rows selected.

SQL> SELECT P
  2  FROM PROFESOR NATURAL JOIN PLAN_DOCENTE
  3  WHERE CAS IN(SELECT CAS FROM ASIGNATURA WHERE A = 'OPTIMIZACION' AND T='GII') ORDER BY P ASC;

P                                                                               
------------------------------------------------------------                    
JOSE MANUEL                                                                     
JUAN                                                                            
JUAN                                                                            

SQL> SELECT P
  2  FROM PROFESOR
  3  WHERE IN(SELECT CAR
  4  FROM AREA
  5  WHERE AR = 'MATEMATICA FUNDAMENTAL') ORDER BY P DESC;
WHERE IN(SELECT CAR
      *
ERROR at line 3:
ORA-00936: missing expression 


SQL> SELECT P
  2  FROM PROFESOR
  3  WHERE IN(SELECT CAR
  4  FROM AREA
  5  WHERE IN( SELECT CD
  6  FROM DEPARTAMENTO
  7  WHERE D='MATEMATICA FUNDAMENTAL')) ORDER BY P DESC;
WHERE IN(SELECT CAR
      *
ERROR at line 3:
ORA-00936: missing expression 


SQL> SELECT P
  2  FROM PROFESOR
  3  WHERE CAR IN(SELECT CAR
  4  FROM AREA
  5  WHERE CD IN( SELECT CD
  6  FROM DEPARTAMENTO
  7  WHERE D='MATEMATICA FUNDAMENTAL')) ORDER BY P DESC;

P                                                                               
------------------------------------------------------------                    
IVAN                                                                            

SQL> SELECT A
  2  FROM ASIGNATURA
  3  WHERE CAS ;
WHERE CAS 
         *
ERROR at line 3:
ORA-00920: invalid relational operator 


SQL> SELECT A
  2  FROM ASIGNATURA NATURAL JOIN PLAN_DOCENTE
  3  WHERE DNI = 1010;

A                                                                               
--------------------------------------------------                              
INTELIGENCIA ARTIFICIAL                                                         
GESTION DE RIESGOS                                                              
GESTION DE RIESGOS                                                              

SQL> SELECT A
  2  FROM ASIGNATURA NATURAL JOIN PLAN_DOCENTE
  3  WHERE DNI IN(SELECT DNI
  4  FROM PROFESOR
  5  WHERE P ='DAVID');

A                                                                               
--------------------------------------------------                              
INTELIGENCIA ARTIFICIAL                                                         
GESTION DE RIESGOS                                                              
GESTION DE RIESGOS                                                              

SQL> SELECT AR
  2  FROM AREA
  3  ;

AR                                                                              
------------------------------------------------------------                    
ALGEBRA                                                                         
ASTRONOMIA Y ASTROFISICA                                                        
ANALISIS MATEMATICO                                                             
CIENCIAS DE LA COMPUTACION E INTELIGENCIA ARTIFICIAL                            
DIDADICA DE LA MATEMATICA                                                       
ESTADISTICA E INVESTIGACION OPERATIVA                                           
LENGUAJES Y SISTEMAS INFORMATICOS                                               
MATEMATICA APLICADA                                                             

8 rows selected.

SQL> SELECT AR
  2  FROM AREA NATURAL JOIN DEPARTAMENTO
  3  WHERE D = 'ESTADISTICA, INVESTIGACION OPERATIVA Y COMPUTACION';

AR                                                                              
------------------------------------------------------------                    
CIENCIAS DE LA COMPUTACION E INTELIGENCIA ARTIFICIAL                            
ESTADISTICA E INVESTIGACION OPERATIVA                                           
LENGUAJES Y SISTEMAS INFORMATICOS                                               

SQL> SELECT A
  2  FROM ASIGNATURA NATURAL JOIN PLAN_DOCENTE
  3  WHERE DNI IN(SELECT DNI
  4  FROM PROFESOR
  5  WHERE CAT = 'CU') AND FF IN NULL;

no rows selected

SQL> SELECT A
  2  FROM ASIGNATURA NATURAL JOIN PLAN_DOCENTE
  3  WHERE DNI IN(SELECT DNI
  4  FROM PROFESOR
  5  WHERE CAT = 'CU') AND FF IS NULL;

A                                                                               
--------------------------------------------------                              
OPTIMIZACION                                                                    
ALMACENES DE DATOS                                                              

SQL> SELECT A
  2  FROM ASIGNATURA NATURAL JOIN PLAN_DOCENTE
  3  WHERE DNI IN(SELECT DNI
  4  FROM PROFESOR
  5  WHERE NOT CAT != 'CU');

A                                                                               
--------------------------------------------------                              
ALMACENES DE DATOS                                                              
OPTIMIZACION                                                                    
OPTIMIZACION                                                                    

SQL> SELECT A
  2  FROM ASIGNATURA NATURAL JOIN PLAN_DOCENTE
  3  WHERE DNI NOT IN(SELECT DNI
  4  WHERE NOT CAT != 'CU');
WHERE NOT CAT != 'CU')
*
ERROR at line 4:
ORA-00923: FROM keyword not found where expected 


SQL> SELECT A
  2  FROM ASIGNATURA NATURAL JOIN PLAN_DOCENTE
  3  WHERE DNI NOT IN(SELECT DNI
  4  FROM PROFESOR
  5  WHERE CAT != 'CU');

A                                                                               
--------------------------------------------------                              
OPTIMIZACION                                                                    
OPTIMIZACION                                                                    
ALMACENES DE DATOS                                                              

SQL> SELECT A
  2  FROM ASIGNATURA
  3  WHERE CAS NOT IN(SELECT CAS
  4  FROM PLNA_DOCENTE NATURAL JOIN PROFESOR
  5  WHERE CAT!='CU');
FROM PLNA_DOCENTE NATURAL JOIN PROFESOR
     *
ERROR at line 4:
ORA-00942: table or view does not exist 


SQL> EDIT
Wrote file afiedt.buf

  1  SELECT A
  2  FROM ASIGNATURA
  3  WHERE CAS NOT IN(SELECT CAS
  4  FROM PLAN_DOCENTE NATURAL JOIN PROFESOR
  5* WHERE CAT!='CU')
SQL> 
SQL> 
SQL>   2  FROM ASIGNATURA
SQL>   3  WHERE CAS NOT IN(SELECT CAS
SQL>   4  FROM PLAN_DOCENTE NATURAL JOIN PROFESOR
SQL>   5* WHERE CAT!='CU')
SP2-0734: unknown command beginning "5* WHERE C..." - rest of line ignored.
SQL> buffer
SP2-0042: unknown command "buffer" - rest of line ignored.
SQL> BUFFER
SP2-0042: unknown command "BUFFER" - rest of line ignored.
SQL> LIST
  1  SELECT A
  2   FROM ASIGNATURA
  3   WHERE CAS NOT IN(SELECT CAS
  4   FROM PLAN_DOCENTE NATURAL JOIN PROFESOR
  5* WHERE CAT!='CU')
SQL> EDIT
Wrote file afiedt.buf

  1  SELECT A
  2   FROM ASIGNATURA
  3   WHERE CAS NOT IN(SELECT CAS
  4   FROM PLAN_DOCENTE NATURAL JOIN PROFESOR
  5*  WHERE CAT!='CU');
SQL> list
  1  SELECT A
  2   FROM ASIGNATURA
  3   WHERE CAS NOT IN(SELECT CAS
  4   FROM PLAN_DOCENTE NATURAL JOIN PROFESOR
  5*  WHERE CAT!='CU');
SQL> /
 WHERE CAT!='CU');
                 *
ERROR at line 5:
ORA-00933: SQL command not properly ended 


SQL> EDIT
Wrote file afiedt.buf

  1  SELECT A
  2   FROM ASIGNATURA
  3   WHERE CAS NOT IN(SELECT CAS
  4   FROM PLAN_DOCENTE NATURAL JOIN PROFESOR
  5*  WHERE CAT != 'CU');
SQL> /
 WHERE CAT != 'CU');
                   *
ERROR at line 5:
ORA-00933: SQL command not properly ended 


SQL> SELECT A
  2  FROM ASIGNATURA
  3  WHERE CAS NOT IN(SELECT CAS
  4  FROM PLAN_DOCENTE NATURAL JOIN PROFESOR
  5  WHERE CAT != 'CU');

no rows selected

SQL> /

no rows selected

SQL> SPOOL OFF
SQL> SPOOL
currently spooling to PRACT5.lst
SQL> SELECT A
  2  FROM ASIGNATURA
  3  WHERE CAR IN (SELECT CAR
  4  FROM AREA
  5  WHERE AR='LENGUAJES Y SISTEMAS INFORMATICOS' OR AR='CIENCIAS DE LA COMPUTACIN E INTELIGENCIA ARTIFICIAL');

A                                                                               
--------------------------------------------------                              
INFORMATICA BASICA                                                              
MINERIA DE DATOS                                                                
ALMACENES DE DATOS                                                              
BASES DE DATOS                                                                  

SQL> SELECT AR FORM AREA;
SELECT AR FORM AREA
               *
ERROR at line 1:
ORA-00923: FROM keyword not found where expected 


SQL> SELECT AR FROM AREA;

AR                                                                              
------------------------------------------------------------                    
ALGEBRA                                                                         
ASTRONOMIA Y ASTROFISICA                                                        
ANALISIS MATEMATICO                                                             
CIENCIAS DE LA COMPUTACION E INTELIGENCIA ARTIFICIAL                            
DIDADICA DE LA MATEMATICA                                                       
ESTADISTICA E INVESTIGACION OPERATIVA                                           
LENGUAJES Y SISTEMAS INFORMATICOS                                               
MATEMATICA APLICADA                                                             

8 rows selected.

SQL> SELECT A
  2  FROM ASIGNATURA
  3  WHERE CAR IN (SELECT CAR
  4  FROM AREA
  5  WHERE AR='LENGUAJES Y SISTEMAS INFORMATICOS' OR AR='CIENCIAS DE LA COMPUTACION E INTELIGENCIA ARTIFICIAL');

A                                                                               
--------------------------------------------------                              
GESTION DE RIESGOS                                                              
INTELIGENCIA ARTIFICIAL                                                         
INFORMATICA BASICA                                                              
MINERIA DE DATOS                                                                
ALMACENES DE DATOS                                                              
BASES DE DATOS                                                                  

6 rows selected.

SQL> SELECT P
  2  FROM PROFESOR
  3  WHERE DNI IN (SELECT DNI
  4  FROM ASIGNATURA NATURAL JOIN PLAN_DOCENTE
  5  WHERE (T='GII' OR T='MII') AND FF IS NULL);

P                                                                               
------------------------------------------------------------                    
MARIA                                                                           
PEDRO                                                                           
SOLEDAD                                                                         
CARLOS                                                                          
IVAN                                                                            
ANGELA                                                                          
JUAN                                                                            
JOSE MANUEL                                                                     
DAVID                                                                           

9 rows selected.

SQL> SELECT P
  2  FROM PROFESOR
  3  WHERE DNI IN (SELECT DNI
  4  FROM ASIGNATURA NATURAL JOIN PLAN_DOCENTE
  5  WHERE T='GII' AND FF IS NULL)
  6  INTERSECT
  7  SELECT P
  8  FROM PROFESOR
  9  WHERE DNI IN (SELECT DNI
 10  FROM ASIGNATURA NATURAL JOIN PLAN_DOCENTE
 11  WHERE T='MII' AND FF IS NULL);

no rows selected

SQL> SELECT P
  2  FROM PROFESOR
  3  WHERE DNI NOT IN(SELECT DNI
  4  FROM PLAN_DOCENTE
  5  WHERE FF IS NULL);

P                                                                               
------------------------------------------------------------                    
CARMEN                                                                          
CARMELO                                                                         
CARINA                                                                          

SQL> SELECT A
  2  FROM ASIGNATURA
  3  WHERE T='GII' AND CAS IN(SELECT CAS
  4  FROM PLAN_DOCENTE);

A                                                                               
--------------------------------------------------                              
BASES DE DATOS                                                                  
INTELIGENCIA ARTIFICIAL                                                         
INFORMATICA BASICA                                                              
ALGEBRA                                                                         
CALCULO                                                                         
OPTIMIZACION                                                                    
GESTION DE RIESGOS                                                              

7 rows selected.

SQL> SELECT AR, A
  2  FROM ASIGNATURA NATURAL JOIN AREA;

AR                                                                              
------------------------------------------------------------                    
A                                                                               
--------------------------------------------------                              
ALGEBRA                                                                         
ALGEBRA                                                                         
                                                                                
ANALISIS MATEMATICO                                                             
ANALISIS COMPLEJO                                                               
                                                                                
ASTRONOMIA Y ASTROFISICA                                                        
ASTRONOMIA                                                                      
                                                                                

AR                                                                              
------------------------------------------------------------                    
A                                                                               
--------------------------------------------------                              
CIENCIAS DE LA COMPUTACION E INTELIGENCIA ARTIFICIAL                            
GESTION DE RIESGOS                                                              
                                                                                
CIENCIAS DE LA COMPUTACION E INTELIGENCIA ARTIFICIAL                            
INTELIGENCIA ARTIFICIAL                                                         
                                                                                
DIDADICA DE LA MATEMATICA                                                       
ENSENANZA DE LA MATEMATICA                                                      
                                                                                

AR                                                                              
------------------------------------------------------------                    
A                                                                               
--------------------------------------------------                              
ESTADISTICA E INVESTIGACION OPERATIVA                                           
OPTIMIZACION                                                                    
                                                                                
LENGUAJES Y SISTEMAS INFORMATICOS                                               
INFORMATICA BASICA                                                              
                                                                                
LENGUAJES Y SISTEMAS INFORMATICOS                                               
MINERIA DE DATOS                                                                
                                                                                

AR                                                                              
------------------------------------------------------------                    
A                                                                               
--------------------------------------------------                              
LENGUAJES Y SISTEMAS INFORMATICOS                                               
ALMACENES DE DATOS                                                              
                                                                                
LENGUAJES Y SISTEMAS INFORMATICOS                                               
BASES DE DATOS                                                                  
                                                                                
MATEMATICA APLICADA                                                             
CALCULO                                                                         
                                                                                

12 rows selected.

SQL> SELECT AR DISTINCT, A
  2  FROM ASIGNATURA NATURAL JOIN AREA;
SELECT AR DISTINCT, A
          *
ERROR at line 1:
ORA-00923: FROM keyword not found where expected 


SQL> SELECT DISTINCT AR, A
  2  FROM ASIGNATURA NATURAL JOIN AREA;

AR                                                                              
------------------------------------------------------------                    
A                                                                               
--------------------------------------------------                              
ANALISIS MATEMATICO                                                             
ANALISIS COMPLEJO                                                               
                                                                                
LENGUAJES Y SISTEMAS INFORMATICOS                                               
BASES DE DATOS                                                                  
                                                                                
MATEMATICA APLICADA                                                             
CALCULO                                                                         
                                                                                

AR                                                                              
------------------------------------------------------------                    
A                                                                               
--------------------------------------------------                              
CIENCIAS DE LA COMPUTACION E INTELIGENCIA ARTIFICIAL                            
GESTION DE RIESGOS                                                              
                                                                                
ALGEBRA                                                                         
ALGEBRA                                                                         
                                                                                
CIENCIAS DE LA COMPUTACION E INTELIGENCIA ARTIFICIAL                            
INTELIGENCIA ARTIFICIAL                                                         
                                                                                

AR                                                                              
------------------------------------------------------------                    
A                                                                               
--------------------------------------------------                              
DIDADICA DE LA MATEMATICA                                                       
ENSENANZA DE LA MATEMATICA                                                      
                                                                                
ESTADISTICA E INVESTIGACION OPERATIVA                                           
OPTIMIZACION                                                                    
                                                                                
LENGUAJES Y SISTEMAS INFORMATICOS                                               
MINERIA DE DATOS                                                                
                                                                                

AR                                                                              
------------------------------------------------------------                    
A                                                                               
--------------------------------------------------                              
LENGUAJES Y SISTEMAS INFORMATICOS                                               
ALMACENES DE DATOS                                                              
                                                                                
LENGUAJES Y SISTEMAS INFORMATICOS                                               
INFORMATICA BASICA                                                              
                                                                                
ASTRONOMIA Y ASTROFISICA                                                        
ASTRONOMIA                                                                      
                                                                                

12 rows selected.

SQL> SELECT AR, A
  2  FROM ASIGNATURA NATURAL JOIN AREA
  3  ORDER BY D, AR;
ORDER BY D, AR
         *
ERROR at line 3:
ORA-00904: "D": invalid identifier 


SQL> SELECT D, AR
  2  FROM DEPARTAMENTO NATURAL JOIN AREA
  3  ORDER BY D, AR;

D                                                                               
------------------------------------------------------------                    
AR                                                                              
------------------------------------------------------------                    
ANALISIS MATEMATICO                                                             
ANALISIS MATEMATICO                                                             
                                                                                
ANALISIS MATEMATICO                                                             
DIDADICA DE LA MATEMATICA                                                       
                                                                                
ANALISIS MATEMATICO                                                             
MATEMATICA APLICADA                                                             
                                                                                

D                                                                               
------------------------------------------------------------                    
AR                                                                              
------------------------------------------------------------                    
ASTROFISICA                                                                     
ASTRONOMIA Y ASTROFISICA                                                        
                                                                                
ESTADISTICA, INVESTIGACION OPERATIVA Y COMPUTACION                              
CIENCIAS DE LA COMPUTACION E INTELIGENCIA ARTIFICIAL                            
                                                                                
ESTADISTICA, INVESTIGACION OPERATIVA Y COMPUTACION                              
ESTADISTICA E INVESTIGACION OPERATIVA                                           
                                                                                

D                                                                               
------------------------------------------------------------                    
AR                                                                              
------------------------------------------------------------                    
ESTADISTICA, INVESTIGACION OPERATIVA Y COMPUTACION                              
LENGUAJES Y SISTEMAS INFORMATICOS                                               
                                                                                
MATEMATICA FUNDAMENTAL                                                          
ALGEBRA                                                                         
                                                                                

8 rows selected.

SQL> SELECT D, P
  2  FROM PROFESOR NATURAL JOIN DEPARTAMENTO
  3  WHERE P IN(SELECT P
  4  FROM PROFESOR NATURAL JOIN AREA
  5  WHERE AREA.CD = DEPARTAMENTO.CD)
  6  ORDER BY D, P;

D                                                                               
------------------------------------------------------------                    
P                                                                               
------------------------------------------------------------                    
ANALISIS MATEMATICO                                                             
ANGELA                                                                          
                                                                                
ANALISIS MATEMATICO                                                             
CARINA                                                                          
                                                                                
ANALISIS MATEMATICO                                                             
FRANCISCO                                                                       
                                                                                

D                                                                               
------------------------------------------------------------                    
P                                                                               
------------------------------------------------------------                    
ANALISIS MATEMATICO                                                             
MARIO                                                                           
                                                                                
ASTROFISICA                                                                     
CARMEN                                                                          
                                                                                
ESTADISTICA, INVESTIGACION OPERATIVA Y COMPUTACION                              
CARLOS                                                                          
                                                                                

D                                                                               
------------------------------------------------------------                    
P                                                                               
------------------------------------------------------------                    
ESTADISTICA, INVESTIGACION OPERATIVA Y COMPUTACION                              
CARMELO                                                                         
                                                                                
ESTADISTICA, INVESTIGACION OPERATIVA Y COMPUTACION                              
DAVID                                                                           
                                                                                
ESTADISTICA, INVESTIGACION OPERATIVA Y COMPUTACION                              
JOSE MANUEL                                                                     
                                                                                

D                                                                               
------------------------------------------------------------                    
P                                                                               
------------------------------------------------------------                    
ESTADISTICA, INVESTIGACION OPERATIVA Y COMPUTACION                              
JUAN                                                                            
                                                                                
ESTADISTICA, INVESTIGACION OPERATIVA Y COMPUTACION                              
MARIA                                                                           
                                                                                
ESTADISTICA, INVESTIGACION OPERATIVA Y COMPUTACION                              
PEDRO                                                                           
                                                                                

D                                                                               
------------------------------------------------------------                    
P                                                                               
------------------------------------------------------------                    
ESTADISTICA, INVESTIGACION OPERATIVA Y COMPUTACION                              
SOLEDAD                                                                         
                                                                                
MATEMATICA FUNDAMENTAL                                                          
IVAN                                                                            
                                                                                

14 rows selected.

SQL> SPOOL OFF
