SQL> SELECT TABLE_NAME, CONSTRAINT NAME
  2  FROM USER_CONSTRAINTS;
SELECT TABLE_NAME, CONSTRAINT NAME
                   *
ERROR at line 1:
ORA-00904: "CONSTRAINT": invalid identifier 


SQL> SELECT TABLE_NAME, CONSTRAINT_NAME
  2  FROM USER_CONSTRAINTS;

TABLE_NAME                                                                      
--------------------------------------------------------------------------------
CONSTRAINT_NAME                                                                 
--------------------------------------------------------------------------------
AREA                                                                            
SYS_C0017716                                                                    
                                                                                
PROFESOR                                                                        
SYS_C0017813                                                                    
                                                                                
ASIGNATURA                                                                      
SYS_C0017836                                                                    
                                                                                

TABLE_NAME                                                                      
--------------------------------------------------------------------------------
CONSTRAINT_NAME                                                                 
--------------------------------------------------------------------------------
ASIGNATURA                                                                      
SYS_C0017837                                                                    
                                                                                
ASIGNATURA                                                                      
SYS_C0017838                                                                    
                                                                                
ASIGNATURA                                                                      
SYS_C0017840                                                                    
                                                                                

TABLE_NAME                                                                      
--------------------------------------------------------------------------------
CONSTRAINT_NAME                                                                 
--------------------------------------------------------------------------------
PLAN_DOCENTE                                                                    
SYS_C0017846                                                                    
                                                                                
PLAN_DOCENTE                                                                    
SYS_C0017848                                                                    
                                                                                
PLAN_DOCENTE                                                                    
SYS_C0017849                                                                    
                                                                                

TABLE_NAME                                                                      
--------------------------------------------------------------------------------
CONSTRAINT_NAME                                                                 
--------------------------------------------------------------------------------
DEPARTAMENTO                                                                    
SYS_C0017665                                                                    
                                                                                
AREA                                                                            
SYS_C0017715                                                                    
                                                                                
PROFESOR                                                                        
SYS_C0017812                                                                    
                                                                                

TABLE_NAME                                                                      
--------------------------------------------------------------------------------
CONSTRAINT_NAME                                                                 
--------------------------------------------------------------------------------
ASIGNATURA                                                                      
SYS_C0017839                                                                    
                                                                                
PLAN_DOCENTE                                                                    
SYS_C0017847                                                                    
                                                                                

14 rows selected.

SQL> SET LINESIZE 200;
SQL> SELECT TABLE_NAME, CONSTRAINT_NAME
  2  FROM USER_CONSTRAINTS;

TABLE_NAME                                                                                                                                                                                              
--------------------------------------------------------------------------------------------------------------------------------                                                                        
CONSTRAINT_NAME                                                                                                                                                                                         
--------------------------------------------------------------------------------------------------------------------------------                                                                        
AREA                                                                                                                                                                                                    
SYS_C0017716                                                                                                                                                                                            
                                                                                                                                                                                                        
PROFESOR                                                                                                                                                                                                
SYS_C0017813                                                                                                                                                                                            
                                                                                                                                                                                                        
ASIGNATURA                                                                                                                                                                                              
SYS_C0017836                                                                                                                                                                                            
                                                                                                                                                                                                        

TABLE_NAME                                                                                                                                                                                              
--------------------------------------------------------------------------------------------------------------------------------                                                                        
CONSTRAINT_NAME                                                                                                                                                                                         
--------------------------------------------------------------------------------------------------------------------------------                                                                        
ASIGNATURA                                                                                                                                                                                              
SYS_C0017837                                                                                                                                                                                            
                                                                                                                                                                                                        
ASIGNATURA                                                                                                                                                                                              
SYS_C0017838                                                                                                                                                                                            
                                                                                                                                                                                                        
ASIGNATURA                                                                                                                                                                                              
SYS_C0017840                                                                                                                                                                                            
                                                                                                                                                                                                        

TABLE_NAME                                                                                                                                                                                              
--------------------------------------------------------------------------------------------------------------------------------                                                                        
CONSTRAINT_NAME                                                                                                                                                                                         
--------------------------------------------------------------------------------------------------------------------------------                                                                        
PLAN_DOCENTE                                                                                                                                                                                            
SYS_C0017846                                                                                                                                                                                            
                                                                                                                                                                                                        
PLAN_DOCENTE                                                                                                                                                                                            
SYS_C0017848                                                                                                                                                                                            
                                                                                                                                                                                                        
PLAN_DOCENTE                                                                                                                                                                                            
SYS_C0017849                                                                                                                                                                                            
                                                                                                                                                                                                        

TABLE_NAME                                                                                                                                                                                              
--------------------------------------------------------------------------------------------------------------------------------                                                                        
CONSTRAINT_NAME                                                                                                                                                                                         
--------------------------------------------------------------------------------------------------------------------------------                                                                        
DEPARTAMENTO                                                                                                                                                                                            
SYS_C0017665                                                                                                                                                                                            
                                                                                                                                                                                                        
AREA                                                                                                                                                                                                    
SYS_C0017715                                                                                                                                                                                            
                                                                                                                                                                                                        
PROFESOR                                                                                                                                                                                                
SYS_C0017812                                                                                                                                                                                            
                                                                                                                                                                                                        

TABLE_NAME                                                                                                                                                                                              
--------------------------------------------------------------------------------------------------------------------------------                                                                        
CONSTRAINT_NAME                                                                                                                                                                                         
--------------------------------------------------------------------------------------------------------------------------------                                                                        
ASIGNATURA                                                                                                                                                                                              
SYS_C0017839                                                                                                                                                                                            
                                                                                                                                                                                                        
PLAN_DOCENTE                                                                                                                                                                                            
SYS_C0017847                                                                                                                                                                                            
                                                                                                                                                                                                        

14 rows selected.

SQL> CREATE TABLE TITULACION(
  2  T CHAR(4) NOT NULL,
  3  FAC VARCHAR2(50) EWAFIHQWEJIF;
FAC VARCHAR2(50) EWAFIHQWEJIF
                 *
ERROR at line 3:
ORA-00907: missing right parenthesis 


SQL> CREATE TABLE TITULACION(
  2  T CHAR(4) PRIMARY KEY,
  3  FAC VARCHAR2(50));

Table created.

SQL> INSERT INTO TITULACION
  2  VALUES (SELECT DISTINCT T FROM ASIGNATURA);
VALUES (SELECT DISTINCT T FROM ASIGNATURA)
        *
ERROR at line 2:
ORA-00936: missing expression 


SQL> INSERT INTO TITULACION
  2  SELECT DISTINCT T FROM ASIGNATURA;
INSERT INTO TITULACION
            *
ERROR at line 1:
ORA-00947: not enough values 


SQL> INSERT INTO TITULACION (T)
  2  SELECT DISTINCT T FROM ASIGNATURA;

4 rows created.

SQL> SELECT * FROM TITULACION;

T    FAC                                                                                                                                                                                                
---- --------------------------------------------------                                                                                                                                                 
GF                                                                                                                                                                                                      
GM                                                                                                                                                                                                      
GII                                                                                                                                                                                                     
MII                                                                                                                                                                                                     

SQL> UPDATE TITULACION
  2  SET FAC=&FACULTAD
  3  WHERE T=&TITULACION;
Enter value for facultad: ETSII
old   2: SET FAC=&FACULTAD
new   2: SET FAC=ETSII
Enter value for titulacion: GII
old   3: WHERE T=&TITULACION
new   3: WHERE T=GII
WHERE T=GII
        *
ERROR at line 3:
ORA-00904: "GII": invalid identifier 


SQL> SELECT * FROM TITULACION;

T    FAC                                                                                                                                                                                                
---- --------------------------------------------------                                                                                                                                                 
GF                                                                                                                                                                                                      
GM                                                                                                                                                                                                      
GII                                                                                                                                                                                                     
MII                                                                                                                                                                                                     

SQL> UPDATE TITULACION
  2  SET FAC=&FACULTAD
  3  WHERE T=&TITULACIO;
Enter value for facultad: ETSII
old   2: SET FAC=&FACULTAD
new   2: SET FAC=ETSII
Enter value for titulacio: GII
old   3: WHERE T=&TITULACIO
new   3: WHERE T=GII
WHERE T=GII
        *
ERROR at line 3:
ORA-00904: "GII": invalid identifier 


SQL> /
Enter value for facultad: 'ETSII'
old   2: SET FAC=&FACULTAD
new   2: SET FAC='ETSII'
Enter value for titulacio: 'GII'
old   3: WHERE T=&TITULACIO
new   3: WHERE T='GII'

1 row updated.

SQL> SELECT * FROM TITULACION;

T    FAC                                                                                                                                                                                                
---- --------------------------------------------------                                                                                                                                                 
GF                                                                                                                                                                                                      
GM                                                                                                                                                                                                      
GII  ETSII                                                                                                                                                                                              
MII                                                                                                                                                                                                     

SQL> /

T    FAC                                                                                                                                                                                                
---- --------------------------------------------------                                                                                                                                                 
GF                                                                                                                                                                                                      
GM                                                                                                                                                                                                      
GII  ETSII                                                                                                                                                                                              
MII                                                                                                                                                                                                     

SQL> UPDATE TITULACION
  2  SET FAC=&FACULTAD
  3  WHERE T=&TITULACIO;
Enter value for facultad: 'ETSII'
old   2: SET FAC=&FACULTAD
new   2: SET FAC='ETSII'
Enter value for titulacio: 'MII'
old   3: WHERE T=&TITULACIO
new   3: WHERE T='MII'

1 row updated.

SQL> /
Enter value for facultad: 'FAC. MAT Y FIS'
old   2: SET FAC=&FACULTAD
new   2: SET FAC='FAC. MAT Y FIS'
Enter value for titulacio: 'GF'
old   3: WHERE T=&TITULACIO
new   3: WHERE T='GF'

1 row updated.

SQL> /
Enter value for facultad: 'FAC. MAT Y FIS'
old   2: SET FAC=&FACULTAD
new   2: SET FAC='FAC. MAT Y FIS'
Enter value for titulacio: 'GM'
old   3: WHERE T=&TITULACIO
new   3: WHERE T='GM'

1 row updated.

SQL> SELECT * FROM TITULACION;

T    FAC                                                                                                                                                                                                
---- --------------------------------------------------                                                                                                                                                 
GF   FAC. MAT Y FIS                                                                                                                                                                                     
GM   FAC. MAT Y FIS                                                                                                                                                                                     
GII  ETSII                                                                                                                                                                                              
MII  ETSII                                                                                                                                                                                              

SQL> CREATE SYNONYM TIT FROM TITULACION;
CREATE SYNONYM TIT FROM TITULACION
                   *
ERROR at line 1:
ORA-00905: missing keyword 


SQL> CREATE SYNONYM TIT FOR TITULACION;

Synonym created.

SQL> ALTER TABLE ASIGNATURA
  2  ADD T_CASCADA
  3  FD;
FD
*
ERROR at line 3:
ORA-00902: invalid datatype 


SQL> ALTER TABLE ASIGNATURA
  2  CONSTRAINT T_CASCADA
  3  FASDF;
CONSTRAINT T_CASCADA
*
ERROR at line 2:
ORA-01735: invalid ALTER TABLE option 


SQL> ALTER TABLE ASIGNATURA
  2  CONSTRAINT T_CASCADA FORING KEY(T) REFERENCES
  3  TITULACION(T) ON DELETE CASCADE;
CONSTRAINT T_CASCADA FORING KEY(T) REFERENCES
*
ERROR at line 2:
ORA-01735: invalid ALTER TABLE option 


SQL> ALTER TABLE ASIGNATURA
  2  ADD CONSTRAINT T_CASCADA FORING KEY(T) REFERENCES
  3  TITULACION(T) ON DELETE CASCADE;
ADD CONSTRAINT T_CASCADA FORING KEY(T) REFERENCES
                                    *
ERROR at line 2:
ORA-01735: invalid ALTER TABLE option 


SQL> ALTER TABLE ASIGNATURA
  2  ADD CONSTRAINT T_CASCADA FOREING KEY(T) REFERENCES
  3  TITULACION(T) ON DELETE CASCADE;
ADD CONSTRAINT T_CASCADA FOREING KEY(T) REFERENCES
                                     *
ERROR at line 2:
ORA-01735: invalid ALTER TABLE option 


SQL> ALTER TABLE ASIGNATURA
  2  ADD CONSTRAINT T_CASCADA FOREIGN KEY(T) REFERENCES
  3  TITULACION(T) ON DELETE CASCADE;

Table altered.

SQL> ALTER TABLE TITULACION
  2  MODIFY (T CHAR(6));
ALTER TABLE TITULACION
*
ERROR at line 1:
ORA-02292: integrity constraint (ALU0100885453.T_CASCADA) violated - child record found 


SQL> SPOOL OFF
SQL> CREATE VIEW AS SELECT CAS, A, T, CUR, CAR
  2  FROM ASIGNATURA;
CREATE VIEW AS SELECT CAS, A, T, CUR, CAR
            *
ERROR at line 1:
ORA-00999: invalid view name 


SQL> CREATE VIEW VISTA1 AS SELECT CAS, A, T, CUR, CAR
  2  FROM ASIGNATURA;

View created.

SQL> SELECT *
  2  FROM VISTA1;

       CAS A                                                  T           CUR   
---------- -------------------------------------------------- ---- ----------   
       CAR                                                                      
----------                                                                      
         1 BASES DE DATOS                                     GII           3   
         7                                                                      
                                                                                
         2 INTELIGENCIA ARTIFICIAL                            GII           3   
         4                                                                      
                                                                                
         3 ALMACENES DE DATOS                                 MII           1   
         7                                                                      
                                                                                

       CAS A                                                  T           CUR   
---------- -------------------------------------------------- ---- ----------   
       CAR                                                                      
----------                                                                      
         4 MINERIA DE DATOS                                   MII           1   
         7                                                                      
                                                                                
         5 INFORMATICA BASICA                                 GII           1   
         7                                                                      
                                                                                
         6 ALGEBRA                                            GII           1   
         1                                                                      
                                                                                

       CAS A                                                  T           CUR   
---------- -------------------------------------------------- ---- ----------   
       CAR                                                                      
----------                                                                      
         7 CALCULO                                            GII           1   
         8                                                                      
                                                                                
         8 OPTIMIZACION                                       GII           1   
         6                                                                      
                                                                                
         9 GESTION DE RIESGOS                                 GII           3   
         4                                                                      
                                                                                

       CAS A                                                  T           CUR   
---------- -------------------------------------------------- ---- ----------   
       CAR                                                                      
----------                                                                      
        10 ASTRONOMIA                                         GF            2   
         3                                                                      
                                                                                
        11 ENSENANZA DE LA MATEMATICA                         GM            2   
         5                                                                      
                                                                                
        12 ANALISIS COMPLEJO                                  GM            4   
         2                                                                      
                                                                                

12 rows selected.

SQL> INSERT INTO VISTA1
  2  VALUES(13, 'ESTADISTICA', 'GII', 3,7);

1 row created.

SQL> INSERT INTO VISTA1
  2  ;

*
ERROR at line 2:
ORA-00926: missing VALUES keyword 


SQL> SELECT *
  2  FROM VISTA1;

       CAS A                                                  T           CUR   
---------- -------------------------------------------------- ---- ----------   
       CAR                                                                      
----------                                                                      
         1 BASES DE DATOS                                     GII           3   
         7                                                                      
                                                                                
         2 INTELIGENCIA ARTIFICIAL                            GII           3   
         4                                                                      
                                                                                
         3 ALMACENES DE DATOS                                 MII           1   
         7                                                                      
                                                                                

       CAS A                                                  T           CUR   
---------- -------------------------------------------------- ---- ----------   
       CAR                                                                      
----------                                                                      
         4 MINERIA DE DATOS                                   MII           1   
         7                                                                      
                                                                                
         5 INFORMATICA BASICA                                 GII           1   
         7                                                                      
                                                                                
         6 ALGEBRA                                            GII           1   
         1                                                                      
                                                                                

       CAS A                                                  T           CUR   
---------- -------------------------------------------------- ---- ----------   
       CAR                                                                      
----------                                                                      
         7 CALCULO                                            GII           1   
         8                                                                      
                                                                                
         8 OPTIMIZACION                                       GII           1   
         6                                                                      
                                                                                
         9 GESTION DE RIESGOS                                 GII           3   
         4                                                                      
                                                                                

       CAS A                                                  T           CUR   
---------- -------------------------------------------------- ---- ----------   
       CAR                                                                      
----------                                                                      
        10 ASTRONOMIA                                         GF            2   
         3                                                                      
                                                                                
        11 ENSENANZA DE LA MATEMATICA                         GM            2   
         5                                                                      
                                                                                
        12 ANALISIS COMPLEJO                                  GM            4   
         2                                                                      
                                                                                

       CAS A                                                  T           CUR   
---------- -------------------------------------------------- ---- ----------   
       CAR                                                                      
----------                                                                      
        13 ESTADISTICA                                        GII           3   
         7                                                                      
                                                                                

13 rows selected.

SQL> SELECT *
  2  FROM ASIGNATURA;

       CAS A                                                  T           CUR   
---------- -------------------------------------------------- ---- ----------   
       CAR         CT         CP         CL                                     
---------- ---------- ---------- ----------                                     
         1 BASES DE DATOS                                     GII           3   
         7          3        1.5        1.5                                     
                                                                                
         2 INTELIGENCIA ARTIFICIAL                            GII           3   
         4        1.5        1.5          3                                     
                                                                                
         3 ALMACENES DE DATOS                                 MII           1   
         7        1.5          0        1.5                                     
                                                                                

       CAS A                                                  T           CUR   
---------- -------------------------------------------------- ---- ----------   
       CAR         CT         CP         CL                                     
---------- ---------- ---------- ----------                                     
         4 MINERIA DE DATOS                                   MII           1   
         7        1.5          0        1.5                                     
                                                                                
         5 INFORMATICA BASICA                                 GII           1   
         7          3        1.5        1.5                                     
                                                                                
         6 ALGEBRA                                            GII           1   
         1          3          3          0                                     
                                                                                

       CAS A                                                  T           CUR   
---------- -------------------------------------------------- ---- ----------   
       CAR         CT         CP         CL                                     
---------- ---------- ---------- ----------                                     
         7 CALCULO                                            GII           1   
         8          3          3          0                                     
                                                                                
         8 OPTIMIZACION                                       GII           1   
         6          3        1.5        1.5                                     
                                                                                
         9 GESTION DE RIESGOS                                 GII           3   
         4          3          0          3                                     
                                                                                

       CAS A                                                  T           CUR   
---------- -------------------------------------------------- ---- ----------   
       CAR         CT         CP         CL                                     
---------- ---------- ---------- ----------                                     
        10 ASTRONOMIA                                         GF            2   
         3          3        1.5        1.5                                     
                                                                                
        11 ENSENANZA DE LA MATEMATICA                         GM            2   
         5          6          0          0                                     
                                                                                
        12 ANALISIS COMPLEJO                                  GM            4   
         2        4.5          3          0                                     
                                                                                

       CAS A                                                  T           CUR   
---------- -------------------------------------------------- ---- ----------   
       CAR         CT         CP         CL                                     
---------- ---------- ---------- ----------                                     
        13 ESTADISTICA                                        GII           3   
         7          0          0          0                                     
                                                                                

13 rows selected.

SQL> UPDATE VISTA1
  2  SET CAR=6
  3  WHERE CAS=13;

1 row updated.

SQL> SELECT *
  2  FROM VISTA1;

       CAS A                                                  T           CUR   
---------- -------------------------------------------------- ---- ----------   
       CAR                                                                      
----------                                                                      
         1 BASES DE DATOS                                     GII           3   
         7                                                                      
                                                                                
         2 INTELIGENCIA ARTIFICIAL                            GII           3   
         4                                                                      
                                                                                
         3 ALMACENES DE DATOS                                 MII           1   
         7                                                                      
                                                                                

       CAS A                                                  T           CUR   
---------- -------------------------------------------------- ---- ----------   
       CAR                                                                      
----------                                                                      
         4 MINERIA DE DATOS                                   MII           1   
         7                                                                      
                                                                                
         5 INFORMATICA BASICA                                 GII           1   
         7                                                                      
                                                                                
         6 ALGEBRA                                            GII           1   
         1                                                                      
                                                                                

       CAS A                                                  T           CUR   
---------- -------------------------------------------------- ---- ----------   
       CAR                                                                      
----------                                                                      
         7 CALCULO                                            GII           1   
         8                                                                      
                                                                                
         8 OPTIMIZACION                                       GII           1   
         6                                                                      
                                                                                
         9 GESTION DE RIESGOS                                 GII           3   
         4                                                                      
                                                                                

       CAS A                                                  T           CUR   
---------- -------------------------------------------------- ---- ----------   
       CAR                                                                      
----------                                                                      
        10 ASTRONOMIA                                         GF            2   
         3                                                                      
                                                                                
        11 ENSENANZA DE LA MATEMATICA                         GM            2   
         5                                                                      
                                                                                
        12 ANALISIS COMPLEJO                                  GM            4   
         2                                                                      
                                                                                

       CAS A                                                  T           CUR   
---------- -------------------------------------------------- ---- ----------   
       CAR                                                                      
----------                                                                      
        13 ESTADISTICA                                        GII           3   
         6                                                                      
                                                                                

13 rows selected.

SQL> CREATE VIEW VISTA2 AS SELECT DISTINCT DNIS,A,T,CUR,CAR
  2  FROM PLAN_DOCENTE NATURAL JOIN VISTA1
  3  ORDER BY DNI;
CREATE VIEW VISTA2 AS SELECT DISTINCT DNIS,A,T,CUR,CAR
                                      *
ERROR at line 1:
ORA-00904: "DNIS": invalid identifier 


SQL> ED
Wrote file afiedt.buf

  1  CREATE VIEW VISTA2 AS SELECT DISTINCT DNI,A,T,CUR,CAR
  2  FROM PLAN_DOCENTE NATURAL JOIN VISTA1
  3* ORDER BY DNI
SQL> /

View created.

SQL> SELECT *
  2  FROM VISTA2;

       DNI A                                                  T           CUR   
---------- -------------------------------------------------- ---- ----------   
       CAR                                                                      
----------                                                                      
      1010 GESTION DE RIESGOS                                 GII           3   
         4                                                                      
                                                                                
      1010 INTELIGENCIA ARTIFICIAL                            GII           3   
         4                                                                      
                                                                                
      1111 OPTIMIZACION                                       GII           1   
         6                                                                      
                                                                                

       DNI A                                                  T           CUR   
---------- -------------------------------------------------- ---- ----------   
       CAR                                                                      
----------                                                                      
      2020 ALMACENES DE DATOS                                 MII           1   
         7                                                                      
                                                                                
      2222 ALMACENES DE DATOS                                 MII           1   
         7                                                                      
                                                                                
      2222 MINERIA DE DATOS                                   MII           1   
         7                                                                      
                                                                                

       DNI A                                                  T           CUR   
---------- -------------------------------------------------- ---- ----------   
       CAR                                                                      
----------                                                                      
      3030 OPTIMIZACION                                       GII           1   
         6                                                                      
                                                                                
      3333 GESTION DE RIESGOS                                 GII           3   
         4                                                                      
                                                                                
      3333 INTELIGENCIA ARTIFICIAL                            GII           3   
         4                                                                      
                                                                                

       DNI A                                                  T           CUR   
---------- -------------------------------------------------- ---- ----------   
       CAR                                                                      
----------                                                                      
      4444 BASES DE DATOS                                     GII           3   
         7                                                                      
                                                                                
      4444 INFORMATICA BASICA                                 GII           1   
         7                                                                      
                                                                                
      4444 MINERIA DE DATOS                                   MII           1   
         7                                                                      
                                                                                

       DNI A                                                  T           CUR   
---------- -------------------------------------------------- ---- ----------   
       CAR                                                                      
----------                                                                      
      5555 ALGEBRA                                            GII           1   
         1                                                                      
                                                                                
      6666 ASTRONOMIA                                         GF            2   
         3                                                                      
                                                                                
      7777 ANALISIS COMPLEJO                                  GM            4   
         2                                                                      
                                                                                

       DNI A                                                  T           CUR   
---------- -------------------------------------------------- ---- ----------   
       CAR                                                                      
----------                                                                      
      8888 ENSENANZA DE LA MATEMATICA                         GM            2   
         5                                                                      
                                                                                
      9999 CALCULO                                            GII           1   
         8                                                                      
                                                                                

17 rows selected.

SQL> UPDATE VISTA2
  2  SET A='MATEMATICAS APLICADAS'
  3  WHERE A='CALCULO';
UPDATE VISTA2
       *
ERROR at line 1:
ORA-01732: data manipulation operation not legal on this view 


SQL> DESCRIBE VISTA2;
 Name                                      Null?    Type
 ----------------------------------------- -------- ----------------------------
 DNI                                       NOT NULL NUMBER(8)
 A                                         NOT NULL VARCHAR2(50)
 T                                         NOT NULL CHAR(4)
 CUR                                                NUMBER(1)
 CAR                                                NUMBER(3)

SQL> DROP VIEW VISTA1;

View dropped.

SQL> SELECT *
  2  FROM VISTA2;
FROM VISTA2
     *
ERROR at line 2:
ORA-04063: view "ALU0100885453.VISTA2" has errors 


SQL> ROLLBACK;

Rollback complete.

SQL> SELECT * FROM VISTA1;
SELECT * FROM VISTA1
              *
ERROR at line 1:
ORA-00942: table or view does not exist 


SQL> SELECT * FROM VISTA2;
SELECT * FROM VISTA2
              *
ERROR at line 1:
ORA-04063: view "ALU0100885453.VISTA2" has errors 


SQL> CREATE INDEX INDICE1
  2  ON PROFESOR(P);

Index created.

SQL> SELECT DNI
  2  FROM PROFESOR
  3  WHERE P='JUAN';

       DNI                                                                      
----------                                                                      
      1111                                                                      

SQL> DROP INDEX INDICE1;

Index dropped.

SQL> CREATE VIEW VISTA1
  2  sdf;
sdf
*
ERROR at line 2:
ORA-00905: missing keyword 


SQL> ED
Wrote file afiedt.buf

  1  CREATE VIEW VISTA1 AS SELECT CAS,A,T,CUR,CAR
  2* FROM ASIGNATURA
SQL> /

View created.

SQL> CREATE INDEX INDICE2
  2  ON VISTA1(CAR);
ON VISTA1(CAR)
   *
ERROR at line 2:
ORA-01702: a view is not appropriate here 


SQL> GRANT SELECT ON DEPARTAMENTO
  2  TO alumno;

Grant succeeded.

SQL> GRANT SELECT ON DEPARTAMENTO, AREA, ASIGNATURA, TITULACION
  2  TO alumno;
GRANT SELECT ON DEPARTAMENTO, AREA, ASIGNATURA, TITULACION
                            *
ERROR at line 1:
ORA-00990: missing or invalid privilege 


SQL> GRANT SELECT ON AREA
  2  TO alumno;

Grant succeeded.

SQL> GRANT SELECT ON ASIGNATURA
  2  TO alumno;

Grant succeeded.

SQL> GRANT SELECT ON TITULACION
  2  TO alumno;

Grant succeeded.

SQL> GRANT INSERT, UPDATE, DELETE ON DEPARTAMENTO
  2  TO alumno;

Grant succeeded.

SQL> GRANT INSERT, UPDATE, DELETE ON AREA
  2  TO alumno;

Grant succeeded.

SQL> GRANT UPDATE ON ASIGNATURA
  2  TO alumno;

Grant succeeded.

SQL> GRANT UPDATE ON TITULACION
  2  TO alumno;

Grant succeeded.

SQL> COMMIT
  2  ;

Commit complete.

SQL> SPOOL OFF
