SQL> INSERT INTO PLAN_DOCENTE
  2  VALUES(4444,1,3,1.5,1.5,'01-SEP-11',NULL);

1 row created.

SQL> INSERT INTO PLAN_DOCENTE
  2  VALUES(4444,4,1.5,0,0,'01-SEP-08','31-AUG-10);
ERROR:
ORA-01756: quoted string not properly terminated 


SQL> INSERT INTO PLAN_DOCENTE
  2  VALUES(4444,4,1.5,0,0,'01-SEP-08','31-AUG-10');

1 row created.

SQL> INSERT INTO PLAN_DOCENTE
  2  INSERT INTO PLAN_DOCENTE;
INSERT INTO PLAN_DOCENTE
*
ERROR at line 2:
ORA-00926: missing VALUES keyword 


SQL> DELETE FROM PLAN_DOCENTE
  2  WHERE CAS=4;

1 row deleted.

SQL> INSERT INTO PLAN_DOCENTE
  2  VALUES(4444,4,1.5,0,1.5,'01-SEP-08','31-AUG-10');

1 row created.

SQL> INSERT INTO PLAN_DOCENTE
  2  VALUES(4444,5,3,0,0,'01-SEP-10',NULL);

1 row created.

SQL> INSERT INTO PLAN_DOCENTE
  2  VALUES(1111,8,3,1.5,1.5,'01-SEP-07','31-AUG-09');

1 row created.

SQL> INSERT INTO PLAN_DOCENTE
  2  VALUES(1111,8,3,0,0,'01-SEP-09',NULL);

1 row created.

SQL> INSERT INTO PLAN_DOCENTE
  2  VALUES(3030,8,0,1.5,1.5,'01-SEP-09',NULL);

1 row created.

SQL> INSERT INTO PLAN_DOCENTE
  2  VALUES(2222,4,1.5,0,1.5,'01-SEP-09',NULL);

1 row created.

SQL> INSERT INTO PLAN_DOCENTE
  2  INSERT INTO PLAN_DOCENTE;
INSERT INTO PLAN_DOCENTE
*
ERROR at line 2:
ORA-00926: missing VALUES keyword 


SQL> INSERT INTO PLAN_DOCENTE
  2  VALUES(2222,3,1.5,0,1.5,'01-SEP-06','31-AUG-07');

1 row created.

SQL> INSERT INTO PLAN_DOCENTE
  2  VALUES(1010,2,1.5,1.5,3,'01-SEP-05','31-AUG-08');

1 row created.

SQL> INSERT INTO PLAN_DOCENTE
  2  VALUES(3333,2,1.5,1.5,3,'01-SEP-08',NULL);

1 row created.

SQL> INSERT INTO PLAN_DOCENTE
  2  VALUES(1010,9,3,0,3,'01-SEP-08','31-AUG-09');

1 row created.

SQL> INSERT INTO PLAN_DOCENTE
  2  VALUES(1010,9,1.5,0,1.5,'01-SEP-09',NULL);

1 row created.

SQL> INSERT INTO PLAN_DOCENTE
  2  VALUES(9999,7,3,3,0,'01-SEP-10',NULL);

1 row created.

SQL> INSERT INTO PLAN_DOCENTE
  2  VALUES(5555,6,3,3,0,'31-MAR-10',NULL);

1 row created.

SQL> INSERT INTO PLAN_DOCENTE
  2  VALUES(6666,10,3,1.5,1.5,'01-SEP-08','31-AUG-11');

1 row created.

SQL> INSERT INTO PLAN_DOCENTE
  2  VALUES(8888,11,6,0,0,'01-SEP-09',NULL);

1 row created.

SQL> INSERT INTO PLAN_DOCENTE
  2  VALUES(2020,3,1.5,0,1.5,'01-SEP-08',NULL);

1 row created.

SQL> INSERT INTO PLAN_DOCENTE
  2  VALUES(7777,12,4.5,3,0,'01-SEP-10',NULL);

1 row created.

SQL> INSERT INTO PLAN_DOCENTE
  2  VALUES(3333,9,1.5,0,1.5,'01-SEP-09',NULL);

1 row created.

SQL> SELECT *
  2  FROM PLAN_DOCENTE;

       DNI        CAS        CTA        CPA        CLA FI        FF             
---------- ---------- ---------- ---------- ---------- --------- ---------      
      4444          1          3        1.5        1.5 01-SEP-11                
      4444          4        1.5          0        1.5 01-SEP-08 31-AUG-10      
      4444          5          3          0          0 01-SEP-10                
      1111          8          3        1.5        1.5 01-SEP-07 31-AUG-09      
      1111          8          3          0          0 01-SEP-09                
      3030          8          0        1.5        1.5 01-SEP-09                
      2222          4        1.5          0        1.5 01-SEP-09                
      2222          3        1.5          0        1.5 01-SEP-06 31-AUG-07      
      1010          2        1.5        1.5          3 01-SEP-05 31-AUG-08      
      3333          2        1.5        1.5          3 01-SEP-08                
      1010          9          3          0          3 01-SEP-08 31-AUG-09      

       DNI        CAS        CTA        CPA        CLA FI        FF             
---------- ---------- ---------- ---------- ---------- --------- ---------      
      1010          9        1.5          0        1.5 01-SEP-09                
      9999          7          3          3          0 01-SEP-10                
      5555          6          3          3          0 31-MAR-10                
      6666         10          3        1.5        1.5 01-SEP-08 31-AUG-11      
      8888         11          6          0          0 01-SEP-09                
      2020          3        1.5          0        1.5 01-SEP-08                
      7777         12        4.5          3          0 01-SEP-10                
      3333          9        1.5          0        1.5 01-SEP-09                

19 rows selected.

SQL> SPOOL OFF
