SQL> SELECT EXTRACT(YEAR FROM FI)
  2  ;

*
ERROR at line 2:
ORA-00923: FROM keyword not found where expected 


SQL> SELECT EXTRACT(YEAR FROM FI);
SELECT EXTRACT(YEAR FROM FI)
                           *
ERROR at line 1:
ORA-00923: FROM keyword not found where expected 


SQL> SELECT EXTRACT(YEAR FROM FI)
  2  FROM PLAN_DOCENTE;

EXTRACT(YEARFROMFI)                                                             
-------------------                                                             
               2005                                                             
               2008                                                             
               2009                                                             
               2007                                                             
               2009                                                             
               2008                                                             
               2006                                                             
               2009                                                             
               2009                                                             
               2008                                                             
               2009                                                             

EXTRACT(YEARFROMFI)                                                             
-------------------                                                             
               2011                                                             
               2008                                                             
               2010                                                             
               2010                                                             
               2008                                                             
               2010                                                             
               2009                                                             
               2010                                                             

19 rows selected.

SQL> SYSTIMESTAMP;
SP2-0734: unknown command beginning "SYSTIMESTA..." - rest of line ignored.
SQL> SELECT * FROM SYSTIMESTAMP;
SELECT * FROM SYSTIMESTAMP
              *
ERROR at line 1:
ORA-00942: table or view does not exist 


SQL> SPOOL
currently spooling to PRACT6.lst
SQL> SELECT SYSTIMESTAMP FROM DUAL;

SYSTIMESTAMP                                                                    
---------------------------------------------------------------------------     
15-NOV-17 01.22.03.187566 PM +00:00                                             

SQL> SELECT CURRENT_SYSTIMESTAMP FROM DUAL;
SELECT CURRENT_SYSTIMESTAMP FROM DUAL
       *
ERROR at line 1:
ORA-00904: "CURRENT_SYSTIMESTAMP": invalid identifier 


SQL> SELECT CURRENT_TIMESTAMP FROM DUAL;

CURRENT_TIMESTAMP                                                               
---------------------------------------------------------------------------     
15-NOV-17 01.22.27.648683 PM +00:00                                             

SQL> SELECT TIMESTAMP(F) FROM DUAL;
SELECT TIMESTAMP(F) FROM DUAL
       *
ERROR at line 1:
ORA-00904: "TIMESTAMP": invalid identifier 


SQL> DNI DE LOS PROFESORES QUE AL MENOS IMPARTEN CLASE EN DOS TITULACIONES DISTINTAS;
SP2-0734: unknown command beginning "DNI DE LOS..." - rest of line ignored.
SQL> SELECT EXTRAEC(HOUR FROM SYSTIMESTAMP) FROM DUAL;
SELECT EXTRAEC(HOUR FROM SYSTIMESTAMP) FROM DUAL
                    *
ERROR at line 1:
ORA-00907: missing right parenthesis 


SQL> SELECT EXTRACT(HOUR FROM SYSTIMESTAMP) FROM DUAL;

EXTRACT(HOURFROMSYSTIMESTAMP)                                                   
-----------------------------                                                   
                           13                                                   

SQL> SELECT DEPART(WK,'DD/MM/YYYY') FROM DUAL;
SELECT DEPART(WK,'DD/MM/YYYY') FROM DUAL
       *
ERROR at line 1:
ORA-00904: "DEPART": invalid identifier 


SQL> SELECT DATEPART(WK,'DD/MM/YYYY') FROM DUAL;
SELECT DATEPART(WK,'DD/MM/YYYY') FROM DUAL
       *
ERROR at line 1:
ORA-00904: "DATEPART": invalid identifier 


SQL> SELECT DATEPART(WK,SYSTIMESTAMP) FROM DUAL;
SELECT DATEPART(WK,SYSTIMESTAMP) FROM DUAL
       *
ERROR at line 1:
ORA-00904: "DATEPART": invalid identifier 


SQL> SELECT DATEPART(WK) FROM DUAL;
SELECT DATEPART(WK) FROM DUAL
       *
ERROR at line 1:
ORA-00904: "DATEPART": invalid identifier 


SQL> ALTER TABLE DEPARTAMENTO
  2  ADD (D TIMESTAMP(8) DEFAULT SYSTIMESTAMP(8));
ADD (D TIMESTAMP(8) DEFAULT SYSTIMESTAMP(8))
     *
ERROR at line 2:
ORA-01430: column being added already exists in table 


SQL> ALTER TABLE DEPARTAMENTO
  2  ADD (D1 TIMESTAMP(8) DEFAULT SYSTIMESTAMP(8));

Table altered.

SQL> SELECT * FROM DEPARTAMENTO;

        CD D                                                                    
---------- ------------------------------------------------------------         
D1                                                                              
---------------------------------------------------------------------------     
         1 ANALISIS MATEMATICO                                                  
15-NOV-17 01.34.54.09629300 PM                                                  
                                                                                
         2 ASTROFISICA                                                          
15-NOV-17 01.34.54.09629300 PM                                                  
                                                                                
         3 ESTADISTICA, INVESTIGACION OPERATIVA Y COMPUTACION                   
15-NOV-17 01.34.54.09629300 PM                                                  
                                                                                

        CD D                                                                    
---------- ------------------------------------------------------------         
D1                                                                              
---------------------------------------------------------------------------     
         4 MATEMATICA FUNDAMENTAL                                               
15-NOV-17 01.34.54.09629300 PM                                                  
                                                                                

SQL> SET LINE SIZE 132;
SP2-0268: linesize option not a valid number
SQL> SET LINE SIZE 180;
SP2-0268: linesize option not a valid number
SQL> SET LINESIZE 132;
SQL> SELECT * FROM DEPARTAMENTO;

        CD D                                                                                                                        
---------- ------------------------------------------------------------                                                             
D1                                                                                                                                  
---------------------------------------------------------------------------                                                         
         1 ANALISIS MATEMATICO                                                                                                      
15-NOV-17 01.34.54.09629300 PM                                                                                                      
                                                                                                                                    
         2 ASTROFISICA                                                                                                              
15-NOV-17 01.34.54.09629300 PM                                                                                                      
                                                                                                                                    
         3 ESTADISTICA, INVESTIGACION OPERATIVA Y COMPUTACION                                                                       
15-NOV-17 01.34.54.09629300 PM                                                                                                      
                                                                                                                                    

        CD D                                                                                                                        
---------- ------------------------------------------------------------                                                             
D1                                                                                                                                  
---------------------------------------------------------------------------                                                         
         4 MATEMATICA FUNDAMENTAL                                                                                                   
15-NOV-17 01.34.54.09629300 PM                                                                                                      
                                                                                                                                    

SQL> SET LINESIZE 180;
SQL> SELECT * FROM DEPARTAMENTO;

        CD D                                                            D1                                                                                                          
---------- ------------------------------------------------------------ ---------------------------------------------------------------------------                                 
         1 ANALISIS MATEMATICO                                          15-NOV-17 01.34.54.09629300 PM                                                                              
         2 ASTROFISICA                                                  15-NOV-17 01.34.54.09629300 PM                                                                              
         3 ESTADISTICA, INVESTIGACION OPERATIVA Y COMPUTACION           15-NOV-17 01.34.54.09629300 PM                                                                              
         4 MATEMATICA FUNDAMENTAL                                       15-NOV-17 01.34.54.09629300 PM                                                                              

SQL> SET LINESIZE 132;
SQL> ;
  1* SELECT * FROM DEPARTAMENTO
SQL> SELECT * FROM DEPARTAMENTO;

        CD D                                                                                                                        
---------- ------------------------------------------------------------                                                             
D1                                                                                                                                  
---------------------------------------------------------------------------                                                         
         1 ANALISIS MATEMATICO                                                                                                      
15-NOV-17 01.34.54.09629300 PM                                                                                                      
                                                                                                                                    
         2 ASTROFISICA                                                                                                              
15-NOV-17 01.34.54.09629300 PM                                                                                                      
                                                                                                                                    
         3 ESTADISTICA, INVESTIGACION OPERATIVA Y COMPUTACION                                                                       
15-NOV-17 01.34.54.09629300 PM                                                                                                      
                                                                                                                                    

        CD D                                                                                                                        
---------- ------------------------------------------------------------                                                             
D1                                                                                                                                  
---------------------------------------------------------------------------                                                         
         4 MATEMATICA FUNDAMENTAL                                                                                                   
15-NOV-17 01.34.54.09629300 PM                                                                                                      
                                                                                                                                    

SQL> ALTER TABLE DEPARTAMENTO
  2  DROP COLUMN D1;

Table altered.

SQL> select DATEPART(dw, '11/04/2002');
select DATEPART(dw, '11/04/2002')
                                *
ERROR at line 1:
ORA-00923: FROM keyword not found where expected 


SQL> select DATEPART(dw, '11/04/2002') FROM DUAL;
select DATEPART(dw, '11/04/2002') FROM DUAL
       *
ERROR at line 1:
ORA-00904: "DATEPART": invalid identifier 


SQL> select to_char(sysdate, 'DAY', 'NLS_DATE_LANGUAGE=SPANISH')
  2  from dual ;

TO_CHAR(SYSDATE,'DAY','NLS_DATE_LANG                                                                                                
------------------------------------                                                                                                
MIERCOLES                                                                                                                           

SQL> DESCRIBE DEPARTAMENTO;
 Name                                                                     Null?    Type
 ------------------------------------------------------------------------ -------- -------------------------------------------------
 CD                                                                       NOT NULL NUMBER(2)
 D                                                                                 VARCHAR2(60)

SQL> MODIFY(D VARCHAR(50));
SP2-0734: unknown command beginning "MODIFY(D V..." - rest of line ignored.
SQL> ALTER TABLE DEPARTAMENTO
  2  MODIFY(D VARCHAR(50));

Table altered.

SQL> select to_char(sysdate, 'DAY/DD/MM/YYYY', 'NLS_DATE_LANGUAGE=SPANISH')
  2  FROM DUAL;

TO_CHAR(SYSDATE,'DAY/DD/MM/YYYY','NLS_DATE_LANG                                                                                     
-----------------------------------------------                                                                                     
MIERCOLES/15/11/2017                                                                                                                

SQL> SELECT EXTRACT(HOUR FROM SYSTIMESTAMP) FROM DUAL;

EXTRACT(HOURFROMSYSTIMESTAMP)                                                                                                       
-----------------------------                                                                                                       
                           13                                                                                                       

SQL> SELECT EXTRACT(HOUR/SEGUND FROM SYSTIMESTAMP) FROM DUAL;
SELECT EXTRACT(HOUR/SEGUND FROM SYSTIMESTAMP) FROM DUAL
                           *
ERROR at line 1:
ORA-00907: missing right parenthesis 


SQL> SELECT EXTRACT(HH:MI:SS FROM SYSTIMESTAMP) FROM DUAL;
SP2-0552: Bind variable "MI" not declared.
SQL> SELECT TO_CHAR(HH:MI:SS FROM SYSTIMESTAMP) FROM DUAL;
SP2-0552: Bind variable "MI" not declared.
SQL> SELECT TO_CHAR(HH/MI/SS FROM SYSTIMESTAMP) FROM DUAL;
SELECT TO_CHAR(HH/MI/SS FROM SYSTIMESTAMP) FROM DUAL
                        *
ERROR at line 1:
ORA-00907: missing right parenthesis 


SQL> SELECT TO_CHAR(SYSDATE, 'HH/MI/SS') FROM DUAL;

TO_CHAR(                                                                                                                            
--------                                                                                                                            
01/49/03                                                                                                                            

SQL> SELECT TO_CHAR(SYSDATE, 'HH:MI:SS') FROM DUAL;

TO_CHAR(                                                                                                                            
--------                                                                                                                            
01:49:22                                                                                                                            

SQL> SELECT TO_CHAR(SYSDATE, 'HH:MI:SS' PM) FROM DUAL;
SELECT TO_CHAR(SYSDATE, 'HH:MI:SS' PM) FROM DUAL
                                   *
ERROR at line 1:
ORA-00907: missing right parenthesis 


SQL> SELECT TO_CHAR(SYSDATE, 'HH:MI:SS' 24) FROM DUAL;
SELECT TO_CHAR(SYSDATE, 'HH:MI:SS' 24) FROM DUAL
                                   *
ERROR at line 1:
ORA-00907: missing right parenthesis 


SQL> SELECT TO_CHAR(SYSDATE, 'HH24:MI:SS') FROM DUAL;

TO_CHAR(                                                                                                                            
--------                                                                                                                            
13:50:19                                                                                                                            

SQL> SELECT SYSDATE - EXTRACT(DATE FROM PLAN_DOCENTE WHERE (CAS=11) AND (DNI=8888))FROM DUAL;
SELECT SYSDATE - EXTRACT(DATE FROM PLAN_DOCENTE WHERE (CAS=11) AND (DNI=8888))FROM DUAL
                         *
ERROR at line 1:
ORA-00936: missing expression 


SQL> SELECT SYSDATE - EXTRACT(DATE FROM PLAN_DOCENTE WHERE (CAS=11) AND (DNI=8888));
SELECT SYSDATE - EXTRACT(DATE FROM PLAN_DOCENTE WHERE (CAS=11) AND (DNI=8888))
                         *
ERROR at line 1:
ORA-00936: missing expression 


SQL> SELECT SYSDATE - EXTRACT(DATE FROM FI WHERE (CAS=11) AND (DNI=8888))FROM PLAN_DOCENTE;
SELECT SYSDATE - EXTRACT(DATE FROM FI WHERE (CAS=11) AND (DNI=8888))FROM PLAN_DOCENTE
                         *
ERROR at line 1:
ORA-00936: missing expression 


SQL> SELECT SYSDATE - EXTRACT(SELECT FI WHERE (CAS=11) AND (DNI=8888)FROM PLAN_DOCENTE);
SELECT SYSDATE - EXTRACT(SELECT FI WHERE (CAS=11) AND (DNI=8888)FROM PLAN_DOCENTE)
                         *
ERROR at line 1:
ORA-00936: missing expression 


SQL> SELECT SYSDATE - EXTRACT(SELECT FI WHERE (CAS=11) AND (DNI=8888)FROM PLAN_DOCENTE) FROM DUAL;
SELECT SYSDATE - EXTRACT(SELECT FI WHERE (CAS=11) AND (DNI=8888)FROM PLAN_DOCENTE) FROM DUAL
                         *
ERROR at line 1:
ORA-00936: missing expression 


SQL> SELECT FI WHERE (CAS=11) AND (DNI=8888)FROM PLAN_DOCENTE);
SELECT FI WHERE (CAS=11) AND (DNI=8888)FROM PLAN_DOCENTE)
          *
ERROR at line 1:
ORA-00923: FROM keyword not found where expected 


SQL> SELECT FI WHERE (CAS=11) AND (DNI=8888)FROM PLAN_DOCENTE;
SELECT FI WHERE (CAS=11) AND (DNI=8888)FROM PLAN_DOCENTE
          *
ERROR at line 1:
ORA-00923: FROM keyword not found where expected 


SQL> SELECT FI FROM PLAN_DOCENTE WHERE (CAS=11) AND (DNI=8888);

FI                                                                                                                                  
---------                                                                                                                           
01-SEP-09                                                                                                                           

SQL> SELECT SYSDATE - (SELECT FI FROM PLAN_DOCENTE WHERE (CAS=11) AND (DNI=8888));
SELECT SYSDATE - (SELECT FI FROM PLAN_DOCENTE WHERE (CAS=11) AND (DNI=8888))
                                                                           *
ERROR at line 1:
ORA-00923: FROM keyword not found where expected 


SQL> SELECT SYSDATE - TO_DATE(SELECT FI FROM PLAN_DOCENTE WHERE (CAS=11) AND (DNI=8888));
SELECT SYSDATE - TO_DATE(SELECT FI FROM PLAN_DOCENTE WHERE (CAS=11) AND (DNI=8888))
                         *
ERROR at line 1:
ORA-00936: missing expression 


SQL> SELECT SYSDATE - FI FROM PLAN_DOCENTE WHERE (CAS=11) AND (DNI=8888);

SYSDATE-FI                                                                                                                          
----------                                                                                                                          
2997.58258                                                                                                                          

SQL> ALTR TABLE DEPARTAMENTO MODIFY(D1 VARCHAR(60);
SP2-0734: unknown command beginning "ALTR TABLE..." - rest of line ignored.
SQL> ALTER TABLE DEPARTAMENTO MODIFY(D1 VARCHAR(60);
ALTER TABLE DEPARTAMENTO MODIFY(D1 VARCHAR(60)
                                             *
ERROR at line 1:
ORA-00907: missing right parenthesis 


SQL> ALTER TABLE DEPARTAMENTO MODIFY(D1 VARCHAR(60));
ALTER TABLE DEPARTAMENTO MODIFY(D1 VARCHAR(60))
                                *
ERROR at line 1:
ORA-00904: "D1": invalid identifier 


SQL> ALTER TABLE DEPARTAMENTO MODIFY(D VARCHAR(60));

Table altered.

SQL> SPOOL OFF;
SQL> SELECT P FROM PROFESOR
  2  WHERE DNI IN(SELECT DNI
  3  FROM PLAN_DOCENTE
  4  WHERE (FF IS NULL AND SYSDATE - FI > 365) OR (FF IS NOT NULL AND FF - FI >365);
WHERE (FF IS NULL AND SYSDATE - FI > 365) OR (FF IS NOT NULL AND FF - FI >365)
                                                                             *
ERROR at line 4:
ORA-00907: missing right parenthesis 


SQL> ED
Wrote file afiedt.buf

  1  SELECT P FROM PROFESOR
  2  WHERE DNI IN(SELECT DNI
  3  FROM PLAN_DOCENTE
  4* WHERE (FF IS NULL AND SYSDATE - FI > 365) OR (FF IS NOT NULL AND FF - FI >365))
SQL> /

P                                                                               
------------------------------------------------------------                    
JUAN                                                                            
CARLOS                                                                          
PEDRO                                                                           
MARIA                                                                           
IVAN                                                                            
CARMEN                                                                          
MARIO                                                                           
FRANCISCO                                                                       
ANGELA                                                                          
DAVID                                                                           
SOLEDAD                                                                         

P                                                                               
------------------------------------------------------------                    
JOSE MANUEL                                                                     

12 rows selected.

SQL> SELECT COUNT (DNI)
  2  FROM PROFESOR
  3  WHERE CAR IN(SELECT CAR
  4  FROM DEPARTAMENTO NATURAL JOIN AREA
  5  WHERE D='ASTROFISICA');

COUNT(DNI)                                                                      
----------                                                                      
         1                                                                      

SQL> SELECT COUNT (DNI)
  2  FROM PROFESOR
  3  WHERE;
WHERE
    *
ERROR at line 3:
ORA-00936: missing expression 


SQL> SELECT COUNT (DNI)
  2  FROM PROFESOR NATURAL JOIN AREA, DEPARTAMENTO
  3  WHERE AREA.CD = DEPARTAMENTO.CD
  4  ORDER BY DNI;

COUNT(DNI)                                                                      
----------                                                                      
        14                                                                      

SQL> SELECT COUNT (DNI)
  2  FROM PROFESOR NATURAL JOIN AREA, DEPARTAMENTO
  3  WHERE AREA.CD = DEPARTAMENTO.CD
  4  GROUP BY D
  5  ORDER BY D;

COUNT(DNI)                                                                      
----------                                                                      
         4                                                                      
         1                                                                      
         8                                                                      
         1                                                                      

SQL> ED
Wrote file afiedt.buf

  1  SELECT D, COUNT (DNI)
  2  FROM PROFESOR NATURAL JOIN AREA, DEPARTAMENTO
  3  WHERE AREA.CD = DEPARTAMENTO.CD
  4  GROUP BY D
  5* ORDER BY D
SQL> /

D                                                            COUNT(DNI)         
------------------------------------------------------------ ----------         
ANALISIS MATEMATICO                                                   4         
ASTROFISICA                                                           1         
ESTADISTICA, INVESTIGACION OPERATIVA Y COMPUTACION                    8         
MATEMATICA FUNDAMENTAL                                                1         

SQL> SELECT COUNT(A)
  2  FROM ASIGNATURA
  3  WHERE CAR IN(SELECT A
  4  FROM AREA NATURAL JOIN DEPARTAMENTO
  5  WHERE D='ESTADISTICA, INVESTIGACION OPERATIVA Y COMPUTACION');
WHERE CAR IN(SELECT A
                    *
ERROR at line 3:
ORA-01722: invalid number 


SQL> ED
Wrote file afiedt.buf

  1  SELECT COUNT(A)
  2  FROM ASIGNATURA
  3  WHERE CAR IN(SELECT CAR
  4  FROM AREA NATURAL JOIN DEPARTAMENTO
  5* WHERE D='ESTADISTICA, INVESTIGACION OPERATIVA Y COMPUTACION')
SQL> /

  COUNT(A)                                                                      
----------                                                                      
         7                                                                      

SQL> ED
Wrote file afiedt.buf

  1  SELECT COUNT(DISTINCT A)
  2  FROM ASIGNATURA
  3  WHERE CAR IN(SELECT CAR
  4  FROM AREA NATURAL JOIN DEPARTAMENTO
  5* WHERE D='ESTADISTICA, INVESTIGACION OPERATIVA Y COMPUTACION')
SQL> /

COUNT(DISTINCTA)                                                                
----------------                                                                
               7                                                                

SQL> ED
Wrote file afiedt.buf

  1  SELECT COUNT(DISTINCT T)
  2  FROM ASIGNATURA
  3  WHERE CAR IN(SELECT CAR
  4  FROM AREA NATURAL JOIN DEPARTAMENTO
  5* WHERE D='ESTADISTICA, INVESTIGACION OPERATIVA Y COMPUTACION')
SQL> /

COUNT(DISTINCTT)                                                                
----------------                                                                
               2                                                                

SQL> SELECT P
  2  FROM PROFESORES;
FROM PROFESORES
     *
ERROR at line 2:
ORA-00942: table or view does not exist 


SQL> SELECT COUNT(P)
  2  FROM PROFESOR NATURAL JOIN AREA
  3  WHERE AR LIKE 'A%';

  COUNT(P)                                                                      
----------                                                                      
         3                                                                      

SQL> SELECT COUNT(DNI)
  2  FROM PROFESOR NATURAL JOIN AREA
  3  WHERE AR LIKE 'A%';

COUNT(DNI)                                                                      
----------                                                                      
         3                                                                      

SQL> SELECT T, COUNT(T)
  2  FROM ASIGNATURA
  3  GROUP BY T
  4  ORDER BY T;

T      COUNT(T)                                                                 
---- ----------                                                                 
GF            1                                                                 
GII           7                                                                 
GM            2                                                                 
MII           2                                                                 

SQL> SELECT A
  2  FROM ASIGNATURA
  3  WHERE CT=(SELECT MAX(CT)
  4  FROM ASIGNATURA;
WHERE CT=(SELECT MAX(CT)
          *
ERROR at line 3:
ORA-00921: unexpected end of SQL command 


SQL> ED
Wrote file afiedt.buf

  1  SELECT A
  2  FROM ASIGNATURA
  3  WHERE CT=(SELECT MAX(CT))
  4* FROM ASIGNATURA
SQL> /
WHERE CT=(SELECT MAX(CT))
                        *
ERROR at line 3:
ORA-00923: FROM keyword not found where expected 


SQL> ED
Wrote file afiedt.buf

  1  SELECT A
  2  FROM ASIGNATURA
  3  WHERE CT=(SELECT MAX(CT)
  4* FROM ASIGNATURA)
SQL> /

A                                                                               
--------------------------------------------------                              
ENSENANZA DE LA MATEMATICA                                                      

SQL> ED
Wrote file afiedt.buf

  1  SELECT A
  2  FROM ASIGNATURA
  3  WHERE CT=(SELECT MIN(CT)
  4* FROM ASIGNATURA)
SQL> /

A                                                                               
--------------------------------------------------                              
INTELIGENCIA ARTIFICIAL                                                         
ALMACENES DE DATOS                                                              
MINERIA DE DATOS                                                                

SQL> SELECT A
  2  FROM ASIGNATURA
  3  ;

A                                                                               
--------------------------------------------------                              
BASES DE DATOS                                                                  
INTELIGENCIA ARTIFICIAL                                                         
ALMACENES DE DATOS                                                              
MINERIA DE DATOS                                                                
INFORMATICA BASICA                                                              
ALGEBRA                                                                         
CALCULO                                                                         
OPTIMIZACION                                                                    
GESTION DE RIESGOS                                                              
ASTRONOMIA                                                                      
ENSENANZA DE LA MATEMATICA                                                      

A                                                                               
--------------------------------------------------                              
ANALISIS COMPLEJO                                                               

12 rows selected.

SQL> SELECT A, CTA+CP+CL
  2  FROM ASIGNATURA;
SELECT A, CTA+CP+CL
          *
ERROR at line 1:
ORA-00904: "CTA": invalid identifier 


SQL> SELECT A, CT+CP+CL
  2  FROM ASIGNATURA;

A                                                    CT+CP+CL                   
-------------------------------------------------- ----------                   
BASES DE DATOS                                              6                   
INTELIGENCIA ARTIFICIAL                                     6                   
ALMACENES DE DATOS                                          3                   
MINERIA DE DATOS                                            3                   
INFORMATICA BASICA                                          6                   
ALGEBRA                                                     6                   
CALCULO                                                     6                   
OPTIMIZACION                                                6                   
GESTION DE RIESGOS                                          6                   
ASTRONOMIA                                                  6                   
ENSENANZA DE LA MATEMATICA                                  6                   

A                                                    CT+CP+CL                   
-------------------------------------------------- ----------                   
ANALISIS COMPLEJO                                         7.5                   

12 rows selected.

SQL> ED
Wrote file afiedt.buf

  1  SELECT A, CT+CP+CL
  2  FROM ASIGNATURA
  3* ORDER BY A
SQL> /

A                                                    CT+CP+CL                   
-------------------------------------------------- ----------                   
ALGEBRA                                                     6                   
ALMACENES DE DATOS                                          3                   
ANALISIS COMPLEJO                                         7.5                   
ASTRONOMIA                                                  6                   
BASES DE DATOS                                              6                   
CALCULO                                                     6                   
ENSENANZA DE LA MATEMATICA                                  6                   
GESTION DE RIESGOS                                          6                   
INFORMATICA BASICA                                          6                   
INTELIGENCIA ARTIFICIAL                                     6                   
MINERIA DE DATOS                                            3                   

A                                                    CT+CP+CL                   
-------------------------------------------------- ----------                   
OPTIMIZACION                                                6                   

12 rows selected.

SQL> SELECT A
  2  FROM ASIGNATURA
  3  WHERE (CT+CP+CL) = SELECT MAX(CT+CP+CL)
  4  FROM ASIGNATURA;
WHERE (CT+CP+CL) = SELECT MAX(CT+CP+CL)
                   *
ERROR at line 3:
ORA-00920: invalid relational operator 


SQL> ED
Wrote file afiedt.buf

  1  SELECT A
  2  FROM ASIGNATURA
  3  WHERE (CT+CP+CL) = (SELECT MAX(CT+CP+CL)
  4* FROM ASIGNATURA)
SQL> /

A                                                                               
--------------------------------------------------                              
ANALISIS COMPLEJO                                                               

SQL> ED
Wrote file afiedt.buf

  1  SELECT A
  2  FROM ASIGNATURA
  3  WHERE (CT+CP+CL) = (SELECT MIN(CT+CP+CL)
  4* FROM ASIGNATURA)
SQL> /

A                                                                               
--------------------------------------------------                              
ALMACENES DE DATOS                                                              
MINERIA DE DATOS                                                                

SQL> SPOOL OFF
